Archive member included to satisfy reference by file (symbol)

/home/administrateur/st/stm32cubeide_1.18.0_2/plugins/com.st.stm32cube.ide.mcu.externaltools.gnu-tools-for-stm32.13.3.rel1.linux64_1.0.0.202410170706/tools/bin/../lib/gcc/arm-none-eabi/13.3.1/../../../../arm-none-eabi/lib/thumb/v7e-m+fp/hard/libc_nano.a(libc_a-exit.o)
                              /home/administrateur/st/stm32cubeide_1.18.0_2/plugins/com.st.stm32cube.ide.mcu.externaltools.gnu-tools-for-stm32.13.3.rel1.linux64_1.0.0.202410170706/tools/bin/../lib/gcc/arm-none-eabi/13.3.1/../../../../arm-none-eabi/lib/thumb/v7e-m+fp/hard/crt0.o (exit)
/home/administrateur/st/stm32cubeide_1.18.0_2/plugins/com.st.stm32cube.ide.mcu.externaltools.gnu-tools-for-stm32.13.3.rel1.linux64_1.0.0.202410170706/tools/bin/../lib/gcc/arm-none-eabi/13.3.1/../../../../arm-none-eabi/lib/thumb/v7e-m+fp/hard/libc_nano.a(libc_a-malloc.o)
                              ./Core/Src/st7735.o (malloc)
/home/administrateur/st/stm32cubeide_1.18.0_2/plugins/com.st.stm32cube.ide.mcu.externaltools.gnu-tools-for-stm32.13.3.rel1.linux64_1.0.0.202410170706/tools/bin/../lib/gcc/arm-none-eabi/13.3.1/../../../../arm-none-eabi/lib/thumb/v7e-m+fp/hard/libc_nano.a(libc_a-mallocr.o)
                              /home/administrateur/st/stm32cubeide_1.18.0_2/plugins/com.st.stm32cube.ide.mcu.externaltools.gnu-tools-for-stm32.13.3.rel1.linux64_1.0.0.202410170706/tools/bin/../lib/gcc/arm-none-eabi/13.3.1/../../../../arm-none-eabi/lib/thumb/v7e-m+fp/hard/libc_nano.a(libc_a-malloc.o) (_malloc_r)
/home/administrateur/st/stm32cubeide_1.18.0_2/plugins/com.st.stm32cube.ide.mcu.externaltools.gnu-tools-for-stm32.13.3.rel1.linux64_1.0.0.202410170706/tools/bin/../lib/gcc/arm-none-eabi/13.3.1/../../../../arm-none-eabi/lib/thumb/v7e-m+fp/hard/libc_nano.a(libc_a-mlock.o)
                              /home/administrateur/st/stm32cubeide_1.18.0_2/plugins/com.st.stm32cube.ide.mcu.externaltools.gnu-tools-for-stm32.13.3.rel1.linux64_1.0.0.202410170706/tools/bin/../lib/gcc/arm-none-eabi/13.3.1/../../../../arm-none-eabi/lib/thumb/v7e-m+fp/hard/libc_nano.a(libc_a-mallocr.o) (__malloc_lock)
/home/administrateur/st/stm32cubeide_1.18.0_2/plugins/com.st.stm32cube.ide.mcu.externaltools.gnu-tools-for-stm32.13.3.rel1.linux64_1.0.0.202410170706/tools/bin/../lib/gcc/arm-none-eabi/13.3.1/../../../../arm-none-eabi/lib/thumb/v7e-m+fp/hard/libc_nano.a(libc_a-findfp.o)
                              /home/administrateur/st/stm32cubeide_1.18.0_2/plugins/com.st.stm32cube.ide.mcu.externaltools.gnu-tools-for-stm32.13.3.rel1.linux64_1.0.0.202410170706/tools/bin/../lib/gcc/arm-none-eabi/13.3.1/../../../../arm-none-eabi/lib/thumb/v7e-m+fp/hard/libc_nano.a(libc_a-exit.o) (__stdio_exit_handler)
/home/administrateur/st/stm32cubeide_1.18.0_2/plugins/com.st.stm32cube.ide.mcu.externaltools.gnu-tools-for-stm32.13.3.rel1.linux64_1.0.0.202410170706/tools/bin/../lib/gcc/arm-none-eabi/13.3.1/../../../../arm-none-eabi/lib/thumb/v7e-m+fp/hard/libc_nano.a(libc_a-fwalk.o)
                              /home/administrateur/st/stm32cubeide_1.18.0_2/plugins/com.st.stm32cube.ide.mcu.externaltools.gnu-tools-for-stm32.13.3.rel1.linux64_1.0.0.202410170706/tools/bin/../lib/gcc/arm-none-eabi/13.3.1/../../../../arm-none-eabi/lib/thumb/v7e-m+fp/hard/libc_nano.a(libc_a-findfp.o) (_fwalk_sglue)
/home/administrateur/st/stm32cubeide_1.18.0_2/plugins/com.st.stm32cube.ide.mcu.externaltools.gnu-tools-for-stm32.13.3.rel1.linux64_1.0.0.202410170706/tools/bin/../lib/gcc/arm-none-eabi/13.3.1/../../../../arm-none-eabi/lib/thumb/v7e-m+fp/hard/libc_nano.a(libc_a-stdio.o)
                              /home/administrateur/st/stm32cubeide_1.18.0_2/plugins/com.st.stm32cube.ide.mcu.externaltools.gnu-tools-for-stm32.13.3.rel1.linux64_1.0.0.202410170706/tools/bin/../lib/gcc/arm-none-eabi/13.3.1/../../../../arm-none-eabi/lib/thumb/v7e-m+fp/hard/libc_nano.a(libc_a-findfp.o) (__sread)
/home/administrateur/st/stm32cubeide_1.18.0_2/plugins/com.st.stm32cube.ide.mcu.externaltools.gnu-tools-for-stm32.13.3.rel1.linux64_1.0.0.202410170706/tools/bin/../lib/gcc/arm-none-eabi/13.3.1/../../../../arm-none-eabi/lib/thumb/v7e-m+fp/hard/libc_nano.a(libc_a-memset.o)
                              /home/administrateur/st/stm32cubeide_1.18.0_2/plugins/com.st.stm32cube.ide.mcu.externaltools.gnu-tools-for-stm32.13.3.rel1.linux64_1.0.0.202410170706/tools/bin/../lib/gcc/arm-none-eabi/13.3.1/../../../../arm-none-eabi/lib/thumb/v7e-m+fp/hard/crt0.o (memset)
/home/administrateur/st/stm32cubeide_1.18.0_2/plugins/com.st.stm32cube.ide.mcu.externaltools.gnu-tools-for-stm32.13.3.rel1.linux64_1.0.0.202410170706/tools/bin/../lib/gcc/arm-none-eabi/13.3.1/../../../../arm-none-eabi/lib/thumb/v7e-m+fp/hard/libc_nano.a(libc_a-closer.o)
[...]
Memory Configuration

Name             Origin             Length             Attributes
RAM              0x20000000         0x00020000         xrw
FLASH            0x08000000         0x00080000         xr
*default*        0x00000000         0xffffffff

Linker script and memory map

LOAD /home/administrateur/st/stm32cubeide_1.18.0_2/plugins/com.st.stm32cube.ide.mcu.externaltools.gnu-tools-for-stm32.13.3.rel1.linux64_1.0.0.202410170706/tools/bin/../lib/gcc/arm-none-eabi/13.3.1/thumb/v7e-m+fp/hard/crti.o
LOAD /home/administrateur/st/stm32cubeide_1.18.0_2/plugins/com.st.stm32cube.ide.mcu.externaltools.gnu-tools-for-stm32.13.3.rel1.linux64_1.0.0.202410170706/tools/bin/../lib/gcc/arm-none-eabi/13.3.1/thumb/v7e-m+fp/hard/crtbegin.o
LOAD /home/administrateur/st/stm32cubeide_1.18.0_2/plugins/com.st.stm32cube.ide.mcu.externaltools.gnu-tools-for-stm32.13.3.rel1.linux64_1.0.0.202410170706/tools/bin/../lib/gcc/arm-none-eabi/13.3.1/../../../../arm-none-eabi/lib/thumb/v7e-m+fp/hard/crt0.o
LOAD ./Core/Src/dma.o
LOAD ./Core/Src/fonts.o
LOAD ./Core/Src/gpio.o
LOAD ./Core/Src/main.o
LOAD ./Core/Src/mp3.o
LOAD ./Core/Src/neopixel.o
LOAD ./Core/Src/servos.o
LOAD ./Core/Src/spi.o
LOAD ./Core/Src/st7735.o
LOAD ./Core/Src/stm32g4xx_hal_msp.o
LOAD ./Core/Src/stm32g4xx_it.o
LOAD ./Core/Src/syscalls.o
LOAD ./Core/Src/sysmem.o
LOAD ./Core/Src/system_stm32g4xx.o
LOAD ./Core/Src/tim.o
LOAD ./Core/Src/usart.o
LOAD ./Core/Startup/startup_stm32g474retx.o
LOAD ./Drivers/STM32G4xx_HAL_Driver/Src/stm32g4xx_hal.o
LOAD ./Drivers/STM32G4xx_HAL_Driver/Src/stm32g4xx_hal_cortex.o
LOAD ./Drivers/STM32G4xx_HAL_Driver/Src/stm32g4xx_hal_dma.o
LOAD ./Drivers/STM32G4xx_HAL_Driver/Src/stm32g4xx_hal_dma_ex.o
LOAD ./Drivers/STM32G4xx_HAL_Driver/Src/stm32g4xx_hal_exti.o
LOAD ./Drivers/STM32G4xx_HAL_Driver/Src/stm32g4xx_hal_flash.o
LOAD ./Drivers/STM32G4xx_HAL_Driver/Src/stm32g4xx_hal_flash_ex.o
LOAD ./Drivers/STM32G4xx_HAL_Driver/Src/stm32g4xx_hal_flash_ramfunc.o
LOAD ./Drivers/STM32G4xx_HAL_Driver/Src/stm32g4xx_hal_gpio.o
LOAD ./Drivers/STM32G4xx_HAL_Driver/Src/stm32g4xx_hal_pwr.o
LOAD ./Drivers/STM32G4xx_HAL_Driver/Src/stm32g4xx_hal_pwr_ex.o
LOAD ./Drivers/STM32G4xx_HAL_Driver/Src/stm32g4xx_hal_rcc.o
LOAD ./Drivers/STM32G4xx_HAL_Driver/Src/stm32g4xx_hal_rcc_ex.o
LOAD ./Drivers/STM32G4xx_HAL_Driver/Src/stm32g4xx_hal_spi.o
LOAD ./Drivers/STM32G4xx_HAL_Driver/Src/stm32g4xx_hal_spi_ex.o
LOAD ./Drivers/STM32G4xx_HAL_Driver/Src/stm32g4xx_hal_tim.o
LOAD ./Drivers/STM32G4xx_HAL_Driver/Src/stm32g4xx_hal_tim_ex.o
LOAD ./Drivers/STM32G4xx_HAL_Driver/Src/stm32g4xx_hal_uart.o
LOAD ./Drivers/STM32G4xx_HAL_Driver/Src/stm32g4xx_hal_uart_ex.o
START GROUP
LOAD /home/administrateur/st/stm32cubeide_1.18.0_2/plugins/com.st.stm32cube.ide.mcu.externaltools.gnu-tools-for-stm32.13.3.rel1.linux64_1.0.0.202410170706/tools/bin/../lib/gcc/arm-none-eabi/13.3.1/../../../../arm-none-eabi/lib/thumb/v7e-m+fp/hard/libc_nano.a
LOAD /home/administrateur/st/stm32cubeide_1.18.0_2/plugins/com.st.stm32cube.ide.mcu.externaltools.gnu-tools-for-stm32.13.3.rel1.linux64_1.0.0.202410170706/tools/bin/../lib/gcc/arm-none-eabi/13.3.1/../../../../arm-none-eabi/lib/thumb/v7e-m+fp/hard/libm.a
END GROUP
START GROUP
LOAD /home/administrateur/st/stm32cubeide_1.18.0_2/plugins/com.st.stm32cube.ide.mcu.externaltools.gnu-tools-for-stm32.13.3.rel1.linux64_1.0.0.202410170706/tools/bin/../lib/gcc/arm-none-eabi/13.3.1/thumb/v7e-m+fp/hard/libgcc.a
LOAD /home/administrateur/st/stm32cubeide_1.18.0_2/plugins/com.st.stm32cube.ide.mcu.externaltools.gnu-tools-for-stm32.13.3.rel1.linux64_1.0.0.202410170706/tools/bin/../lib/gcc/arm-none-eabi/13.3.1/../../../../arm-none-eabi/lib/thumb/v7e-m+fp/hard/libc_nano.a
END GROUP
START GROUP
LOAD /home/administrateur/st/stm32cubeide_1.18.0_2/plugins/com.st.stm32cube.ide.mcu.externaltools.gnu-tools-for-stm32.13.3.rel1.linux64_1.0.0.202410170706/tools/bin/../lib/gcc/arm-none-eabi/13.3.1/thumb/v7e-m+fp/hard/libgcc.a
LOAD /home/administrateur/st/stm32cubeide_1.18.0_2/plugins/com.st.stm32cube.ide.mcu.externaltools.gnu-tools-for-stm32.13.3.rel1.linux64_1.0.0.202410170706/tools/bin/../lib/gcc/arm-none-eabi/13.3.1/../../../../arm-none-eabi/lib/thumb/v7e-m+fp/hard/libc_nano.a
LOAD /home/administrateur/st/stm32cubeide_1.18.0_2/plugins/com.st.stm32cube.ide.mcu.externaltools.gnu-tools-for-stm32.13.3.rel1.linux64_1.0.0.202410170706/tools/bin/../lib/gcc/arm-none-eabi/13.3.1/../../../../arm-none-eabi/lib/thumb/v7e-m+fp/hard/libnosys.a
END GROUP
START GROUP
LOAD /home/administrateur/st/stm32cubeide_1.18.0_2/plugins/com.st.stm32cube.ide.mcu.externaltools.gnu-tools-for-stm32.13.3.rel1.linux64_1.0.0.202410170706/tools/bin/../lib/gcc/arm-none-eabi/13.3.1/thumb/v7e-m+fp/hard/libgcc.a
LOAD /home/administrateur/st/stm32cubeide_1.18.0_2/plugins/com.st.stm32cube.ide.mcu.externaltools.gnu-tools-for-stm32.13.3.rel1.linux64_1.0.0.202410170706/tools/bin/../lib/gcc/arm-none-eabi/13.3.1/../../../../arm-none-eabi/lib/thumb/v7e-m+fp/hard/libc_nano.a
LOAD /home/administrateur/st/stm32cubeide_1.18.0_2/plugins/com.st.stm32cube.ide.mcu.externaltools.gnu-tools-for-stm32.13.3.rel1.linux64_1.0.0.202410170706/tools/bin/../lib/gcc/arm-none-eabi/13.3.1/../../../../arm-none-eabi/lib/thumb/v7e-m+fp/hard/libnosys.a
END GROUP
LOAD /home/administrateur/st/stm32cubeide_1.18.0_2/plugins/com.st.stm32cube.ide.mcu.externaltools.gnu-tools-for-stm32.13.3.rel1.linux64_1.0.0.202410170706/tools/bin/../lib/gcc/arm-none-eabi/13.3.1/thumb/v7e-m+fp/hard/crtend.o
LOAD /home/administrateur/st/stm32cubeide_1.18.0_2/plugins/com.st.stm32cube.ide.mcu.externaltools.gnu-tools-for-stm32.13.3.rel1.linux64_1.0.0.202410170706/tools/bin/../lib/gcc/arm-none-eabi/13.3.1/thumb/v7e-m+fp/hard/crtn.o
                0x20020000                        _estack = (ORIGIN (RAM) + LENGTH (RAM))
                0x00000200                        _Min_Heap_Size = 0x200
                0x00000400                        _Min_Stack_Size = 0x400

.isr_vector     0x08000000      0x1d8
                0x08000000                        . = ALIGN (0x4)
 *(.isr_vector)
 .isr_vector    0x08000000      0x1d8 ./Core/Startup/startup_stm32g474retx.o
                0x08000000                g_pfnVectors
                0x080001d8                        . = ALIGN (0x4)

.text           0x080001d8     0x50b0
                0x080001d8                        . = ALIGN (0x4)
 *(.text)
 .text          0x080001d8       0x40 /home/administrateur/st/stm32cubeide_1.18.0_2/plugins/com.st.stm32cube.ide.mcu.externaltools.gnu-tools-for-stm32.13.3.rel1.linux64_1.0.0.202410170706/tools/bin/../lib/gcc/arm-none-eabi/13.3.1/thumb/v7e-m+fp/hard/crtbegin.o
 .text          0x08000218       0x30 /home/administrateur/st/stm32cubeide_1.18.0_2/plugins/com.st.stm32cube.ide.mcu.externaltools.gnu-tools-for-stm32.13.3.rel1.linux64_1.0.0.202410170706/tools/bin/../lib/gcc/arm-none-eabi/13.3.1/thumb/v7e-m+fp/hard/libgcc.a(_aeabi_uldivmod.o)
                0x08000218                __aeabi_uldivmod
 .text          0x08000248      0x2f8 /home/administrateur/st/stm32cubeide_1.18.0_2/plugins/com.st.stm32cube.ide.mcu.externaltools.gnu-tools-for-stm32.13.3.rel1.linux64_1.0.0.202410170706/tools/bin/../lib/gcc/arm-none-eabi/13.3.1/thumb/v7e-m+fp/hard/libgcc.a(_udivmoddi4.o)
                0x08000248                __udivmoddi4
 .text          0x08000540        0x4 /home/administrateur/st/stm32cubeide_1.18.0_2/plugins/com.st.stm32cube.ide.mcu.externaltools.gnu-tools-for-stm32.13.3.rel1.linux64_1.0.0.202410170706/tools/bin/../lib/gcc/arm-none-eabi/13.3.1/thumb/v7e-m+fp/hard/libgcc.a(_dvmd_tls.o)
                0x08000540                __aeabi_ldiv0
                0x08000540                __aeabi_idiv0
 *(.text*)
 .text.MX_DMA_Init
                0x08000544       0x54 ./Core/Src/dma.o
                0x08000544                MX_DMA_Init
 .text.MX_GPIO_Init
                0x08000598       0xc4 ./Core/Src/gpio.o
                0x08000598                MX_GPIO_Init
 .text.waitNms  0x0800065c       0x40 ./Core/Src/main.o
                0x0800065c                waitNms
 .text.main     0x0800069c       0x6c ./Core/Src/main.o
                0x0800069c                main
 .text.SystemClock_Config
                0x08000708       0x80 ./Core/Src/main.o
                0x08000708                SystemClock_Config
 .text.Error_Handler
                0x08000788        0xc ./Core/Src/main.o
                0x08000788                Error_Handler
 .text.servoInit
                0x08000794       0xca ./Core/Src/servos.o
                0x08000794                servoInit
 .text.turnServo
                0x0800085e      0x138 ./Core/Src/servos.o
                0x0800085e                turnServo
 *fill*         0x08000996        0x2 
 .text.MX_SPI1_Init
                0x08000998       0x7c ./Core/Src/spi.o
                0x08000998                MX_SPI1_Init
 .text.HAL_SPI_MspInit
                0x08000a14       0x84 ./Core/Src/spi.o
                0x08000a14                HAL_SPI_MspInit
 .text.HAL_MspInit
                0x08000a98       0x48 ./Core/Src/stm32g4xx_hal_msp.o
                0x08000a98                HAL_MspInit
 .text.NMI_Handler
                0x08000ae0        0x8 ./Core/Src/stm32g4xx_it.o
                0x08000ae0                NMI_Handler
 .text.HardFault_Handler
                0x08000ae8        0x8 ./Core/Src/stm32g4xx_it.o
                0x08000ae8                HardFault_Handler
 .text.MemManage_Handler
                0x08000af0        0x8 ./Core/Src/stm32g4xx_it.o
                0x08000af0                MemManage_Handler
 .text.BusFault_Handler
                0x08000af8        0x8 ./Core/Src/stm32g4xx_it.o
                0x08000af8                BusFault_Handler
 .text.UsageFault_Handler
                0x08000b00        0x8 ./Core/Src/stm32g4xx_it.o
                0x08000b00                UsageFault_Handler
 .text.SVC_Handler
                0x08000b08        0xe ./Core/Src/stm32g4xx_it.o
                0x08000b08                SVC_Handler
 .text.DebugMon_Handler
                0x08000b16        0xe ./Core/Src/stm32g4xx_it.o
                0x08000b16                DebugMon_Handler
 .text.PendSV_Handler
                0x08000b24        0xe ./Core/Src/stm32g4xx_it.o
                0x08000b24                PendSV_Handler
 .text.SysTick_Handler
                0x08000b32        0xc ./Core/Src/stm32g4xx_it.o
                0x08000b32                SysTick_Handler
 *fill*         0x08000b3e        0x2 
 .text.DMA1_Channel1_IRQHandler
                0x08000b40       0x14 ./Core/Src/stm32g4xx_it.o
                0x08000b40                DMA1_Channel1_IRQHandler
 .text.SystemInit
                0x08000b54       0x24 ./Core/Src/system_stm32g4xx.o
                0x08000b54                SystemInit
 .text.MX_TIM1_Init
                0x08000b78      0x1a8 ./Core/Src/tim.o
                0x08000b78                MX_TIM1_Init
 .text.MX_TIM2_Init
                0x08000d20       0xb0 ./Core/Src/tim.o
                0x08000d20                MX_TIM2_Init
 .text.MX_TIM3_Init
                0x08000dd0       0xf0 ./Core/Src/tim.o
                0x08000dd0                MX_TIM3_Init
 .text.HAL_TIM_Base_MspInit
                0x08000ec0       0x68 ./Core/Src/tim.o
                0x08000ec0                HAL_TIM_Base_MspInit
 .text.HAL_TIM_PWM_MspInit
                0x08000f28       0x98 ./Core/Src/tim.o
                0x08000f28                HAL_TIM_PWM_MspInit
 .text.HAL_TIM_MspPostInit
                0x08000fc0      0x100 ./Core/Src/tim.o
                0x08000fc0                HAL_TIM_MspPostInit
 .text.MX_UART4_Init
                0x080010c0       0x98 ./Core/Src/usart.o
                0x080010c0                MX_UART4_Init
 .text.MX_USART1_UART_Init
                0x08001158       0x98 ./Core/Src/usart.o
                0x08001158                MX_USART1_UART_Init
 .text.MX_USART2_UART_Init
                0x080011f0       0x98 ./Core/Src/usart.o
                0x080011f0                MX_USART2_UART_Init
 .text.MX_USART3_UART_Init
                0x08001288       0x98 ./Core/Src/usart.o
                0x08001288                MX_USART3_UART_Init
 .text.HAL_UART_MspInit
                0x08001320      0x250 ./Core/Src/usart.o
                0x08001320                HAL_UART_MspInit
 .text.Reset_Handler
                0x08001570       0x50 ./Core/Startup/startup_stm32g474retx.o
                0x08001570                Reset_Handler
 .text.Default_Handler
                0x080015c0        0x2 ./Core/Startup/startup_stm32g474retx.o
                0x080015c0                RTC_Alarm_IRQHandler
                0x080015c0                EXTI2_IRQHandler
                0x080015c0                TIM8_TRG_COM_IRQHandler
                0x080015c0                TIM8_CC_IRQHandler
                0x080015c0                HRTIM1_Master_IRQHandler
                0x080015c0                SPI4_IRQHandler
                0x080015c0                FDCAN3_IT0_IRQHandler
                0x080015c0                TIM1_CC_IRQHandler
                0x080015c0                HRTIM1_FLT_IRQHandler
                0x080015c0                HRTIM1_TIMF_IRQHandler
                0x080015c0                USB_HP_IRQHandler
                0x080015c0                CORDIC_IRQHandler
                0x080015c0                HRTIM1_TIMD_IRQHandler
                0x080015c0                DMA2_Channel8_IRQHandler
                0x080015c0                EXTI3_IRQHandler
                0x080015c0                I2C3_ER_IRQHandler
                0x080015c0                EXTI0_IRQHandler
                0x080015c0                I2C2_EV_IRQHandler
                0x080015c0                FPU_IRQHandler
                0x080015c0                FDCAN1_IT1_IRQHandler
                0x080015c0                TIM1_UP_TIM16_IRQHandler
                0x080015c0                ADC1_2_IRQHandler
                0x080015c0                HRTIM1_TIME_IRQHandler
                0x080015c0                SPI1_IRQHandler
                0x080015c0                TIM6_DAC_IRQHandler
                0x080015c0                HRTIM1_TIMC_IRQHandler
                0x080015c0                TIM8_UP_IRQHandler
                0x080015c0                DMA2_Channel2_IRQHandler
                0x080015c0                DMA1_Channel4_IRQHandler
                0x080015c0                TIM20_TRG_COM_IRQHandler
                0x080015c0                USART3_IRQHandler
                0x080015c0                DMA1_Channel7_IRQHandler
                0x080015c0                UART5_IRQHandler
                0x080015c0                ADC3_IRQHandler
                0x080015c0                TIM4_IRQHandler
                0x080015c0                DMA2_Channel1_IRQHandler
                0x080015c0                QUADSPI_IRQHandler
                0x080015c0                I2C1_EV_IRQHandler
                0x080015c0                DMA1_Channel6_IRQHandler
                0x080015c0                UART4_IRQHandler
                0x080015c0                DMA2_Channel4_IRQHandler
                0x080015c0                TIM3_IRQHandler
                0x080015c0                RCC_IRQHandler
                0x080015c0                TIM20_UP_IRQHandler
                0x080015c0                Default_Handler
                0x080015c0                DMA2_Channel7_IRQHandler
                0x080015c0                RTC_TAMP_LSECSS_IRQHandler
                0x080015c0                FMAC_IRQHandler
                0x080015c0                EXTI15_10_IRQHandler
                0x080015c0                DMA1_Channel8_IRQHandler
                0x080015c0                HRTIM1_TIMA_IRQHandler
                0x080015c0                TIM7_DAC_IRQHandler
                0x080015c0                FDCAN3_IT1_IRQHandler
                0x080015c0                TIM5_IRQHandler
                0x080015c0                UCPD1_IRQHandler
                0x080015c0                I2C3_EV_IRQHandler
                0x080015c0                EXTI9_5_IRQHandler
                0x080015c0                RTC_WKUP_IRQHandler
                0x080015c0                PVD_PVM_IRQHandler
                0x080015c0                SPI2_IRQHandler
                0x080015c0                ADC5_IRQHandler
                0x080015c0                DMA2_Channel5_IRQHandler
                0x080015c0                CRS_IRQHandler
                0x080015c0                DMA1_Channel5_IRQHandler
                0x080015c0                USB_LP_IRQHandler
                0x080015c0                EXTI4_IRQHandler
                0x080015c0                RNG_IRQHandler
                0x080015c0                HRTIM1_TIMB_IRQHandler
                0x080015c0                TIM1_TRG_COM_TIM17_IRQHandler
                0x080015c0                FDCAN2_IT1_IRQHandler
                0x080015c0                DMA1_Channel3_IRQHandler
                0x080015c0                ADC4_IRQHandler
                0x080015c0                WWDG_IRQHandler
                0x080015c0                I2C4_EV_IRQHandler
                0x080015c0                FDCAN2_IT0_IRQHandler
                0x080015c0                LPUART1_IRQHandler
                0x080015c0                DMA2_Channel6_IRQHandler
                0x080015c0                FDCAN1_IT0_IRQHandler
                0x080015c0                TIM2_IRQHandler
                0x080015c0                COMP7_IRQHandler
                0x080015c0                COMP1_2_3_IRQHandler
                0x080015c0                EXTI1_IRQHandler
                0x080015c0                USART2_IRQHandler
                0x080015c0                COMP4_5_6_IRQHandler
                0x080015c0                TIM20_BRK_IRQHandler
                0x080015c0                I2C2_ER_IRQHandler
                0x080015c0                DMA1_Channel2_IRQHandler
                0x080015c0                TIM8_BRK_IRQHandler
                0x080015c0                FLASH_IRQHandler
                0x080015c0                TIM20_CC_IRQHandler
                0x080015c0                USART1_IRQHandler
                0x080015c0                SPI3_IRQHandler
                0x080015c0                I2C1_ER_IRQHandler
                0x080015c0                FMC_IRQHandler
                0x080015c0                LPTIM1_IRQHandler
                0x080015c0                DMAMUX_OVR_IRQHandler
                0x080015c0                I2C4_ER_IRQHandler
                0x080015c0                USBWakeUp_IRQHandler
                0x080015c0                SAI1_IRQHandler
                0x080015c0                DMA2_Channel3_IRQHandler
                0x080015c0                TIM1_BRK_TIM15_IRQHandler
 .text.HAL_Init
                0x080015c2       0x30 ./Drivers/STM32G4xx_HAL_Driver/Src/stm32g4xx_hal.o
                0x080015c2                HAL_Init
 *fill*         0x080015f2        0x2 
 .text.HAL_InitTick
                0x080015f4       0x74 ./Drivers/STM32G4xx_HAL_Driver/Src/stm32g4xx_hal.o
                0x080015f4                HAL_InitTick
 .text.HAL_IncTick
                0x08001668       0x24 ./Drivers/STM32G4xx_HAL_Driver/Src/stm32g4xx_hal.o
                0x08001668                HAL_IncTick
 .text.HAL_GetTick
                0x0800168c       0x18 ./Drivers/STM32G4xx_HAL_Driver/Src/stm32g4xx_hal.o
                0x0800168c                HAL_GetTick
 .text.__NVIC_SetPriorityGrouping
                0x080016a4       0x48 ./Drivers/STM32G4xx_HAL_Driver/Src/stm32g4xx_hal_cortex.o
 .text.__NVIC_GetPriorityGrouping
                0x080016ec       0x1c ./Drivers/STM32G4xx_HAL_Driver/Src/stm32g4xx_hal_cortex.o
 .text.__NVIC_EnableIRQ
                0x08001708       0x3c ./Drivers/STM32G4xx_HAL_Driver/Src/stm32g4xx_hal_cortex.o
 .text.__NVIC_SetPriority
                0x08001744       0x54 ./Drivers/STM32G4xx_HAL_Driver/Src/stm32g4xx_hal_cortex.o
 .text.NVIC_EncodePriority
                0x08001798       0x66 ./Drivers/STM32G4xx_HAL_Driver/Src/stm32g4xx_hal_cortex.o
 *fill*         0x080017fe        0x2 
 .text.SysTick_Config
                0x08001800       0x44 ./Drivers/STM32G4xx_HAL_Driver/Src/stm32g4xx_hal_cortex.o
 .text.HAL_NVIC_SetPriorityGrouping
                0x08001844       0x16 ./Drivers/STM32G4xx_HAL_Driver/Src/stm32g4xx_hal_cortex.o
                0x08001844                HAL_NVIC_SetPriorityGrouping
 .text.HAL_NVIC_SetPriority
                0x0800185a       0x34 ./Drivers/STM32G4xx_HAL_Driver/Src/stm32g4xx_hal_cortex.o
                0x0800185a                HAL_NVIC_SetPriority
 .text.HAL_NVIC_EnableIRQ
                0x0800188e       0x1c ./Drivers/STM32G4xx_HAL_Driver/Src/stm32g4xx_hal_cortex.o
                0x0800188e                HAL_NVIC_EnableIRQ
 .text.HAL_SYSTICK_Config
                0x080018aa       0x18 ./Drivers/STM32G4xx_HAL_Driver/Src/stm32g4xx_hal_cortex.o
                0x080018aa                HAL_SYSTICK_Config
 *fill*         0x080018c2        0x2 
 .text.HAL_DMA_Init
                0x080018c4      0x150 ./Drivers/STM32G4xx_HAL_Driver/Src/stm32g4xx_hal_dma.o
                0x080018c4                HAL_DMA_Init
 .text.HAL_DMA_IRQHandler
                0x08001a14      0x15e ./Drivers/STM32G4xx_HAL_Driver/Src/stm32g4xx_hal_dma.o
                0x08001a14                HAL_DMA_IRQHandler
 *fill*         0x08001b72        0x2 
 .text.DMA_CalcDMAMUXChannelBaseAndMask
                0x08001b74       0x7c ./Drivers/STM32G4xx_HAL_Driver/Src/stm32g4xx_hal_dma.o
 .text.DMA_CalcDMAMUXRequestGenBaseAndMask
                0x08001bf0       0x48 ./Drivers/STM32G4xx_HAL_Driver/Src/stm32g4xx_hal_dma.o
 .text.HAL_GPIO_Init
                0x08001c38      0x304 ./Drivers/STM32G4xx_HAL_Driver/Src/stm32g4xx_hal_gpio.o
                0x08001c38                HAL_GPIO_Init
 .text.HAL_GPIO_WritePin
                0x08001f3c       0x30 ./Drivers/STM32G4xx_HAL_Driver/Src/stm32g4xx_hal_gpio.o
                0x08001f3c                HAL_GPIO_WritePin
 .text.HAL_PWREx_ControlVoltageScaling
                0x08001f6c      0x148 ./Drivers/STM32G4xx_HAL_Driver/Src/stm32g4xx_hal_pwr_ex.o
                0x08001f6c                HAL_PWREx_ControlVoltageScaling
 .text.HAL_PWREx_DisableUCPDDeadBattery
                0x080020b4       0x20 ./Drivers/STM32G4xx_HAL_Driver/Src/stm32g4xx_hal_pwr_ex.o
                0x080020b4                HAL_PWREx_DisableUCPDDeadBattery
 .text.HAL_RCC_OscConfig
                0x080020d4      0x624 ./Drivers/STM32G4xx_HAL_Driver/Src/stm32g4xx_hal_rcc.o
                0x080020d4                HAL_RCC_OscConfig
 .text.HAL_RCC_ClockConfig
                0x080026f8      0x278 ./Drivers/STM32G4xx_HAL_Driver/Src/stm32g4xx_hal_rcc.o
                0x080026f8                HAL_RCC_ClockConfig
 .text.HAL_RCC_GetSysClockFreq
                0x08002970       0xc4 ./Drivers/STM32G4xx_HAL_Driver/Src/stm32g4xx_hal_rcc.o
                0x08002970                HAL_RCC_GetSysClockFreq
 .text.HAL_RCC_GetHCLKFreq
                0x08002a34       0x18 ./Drivers/STM32G4xx_HAL_Driver/Src/stm32g4xx_hal_rcc.o
                0x08002a34                HAL_RCC_GetHCLKFreq
 .text.HAL_RCC_GetPCLK1Freq
                0x08002a4c       0x2c ./Drivers/STM32G4xx_HAL_Driver/Src/stm32g4xx_hal_rcc.o
                0x08002a4c                HAL_RCC_GetPCLK1Freq
 .text.HAL_RCC_GetPCLK2Freq
                0x08002a78       0x2c ./Drivers/STM32G4xx_HAL_Driver/Src/stm32g4xx_hal_rcc.o
                0x08002a78                HAL_RCC_GetPCLK2Freq
 .text.RCC_GetSysClockFreqFromPLLSource
                0x08002aa4       0x8c ./Drivers/STM32G4xx_HAL_Driver/Src/stm32g4xx_hal_rcc.o
 .text.HAL_RCCEx_PeriphCLKConfig
                0x08002b30      0x49c ./Drivers/STM32G4xx_HAL_Driver/Src/stm32g4xx_hal_rcc_ex.o
                0x08002b30                HAL_RCCEx_PeriphCLKConfig
 .text.HAL_SPI_Init
                0x08002fcc      0x156 ./Drivers/STM32G4xx_HAL_Driver/Src/stm32g4xx_hal_spi.o
                0x08002fcc                HAL_SPI_Init
 .text.HAL_TIM_Base_Init
                0x08003122       0xae ./Drivers/STM32G4xx_HAL_Driver/Src/stm32g4xx_hal_tim.o
                0x08003122                HAL_TIM_Base_Init
 .text.HAL_TIM_PWM_Init
                0x080031d0       0xae ./Drivers/STM32G4xx_HAL_Driver/Src/stm32g4xx_hal_tim.o
                0x080031d0                HAL_TIM_PWM_Init
 *fill*         0x0800327e        0x2 
 .text.HAL_TIM_PWM_Start
                0x08003280      0x224 ./Drivers/STM32G4xx_HAL_Driver/Src/stm32g4xx_hal_tim.o
                0x08003280                HAL_TIM_PWM_Start
 .text.HAL_TIM_PWM_ConfigChannel
                0x080034a4      0x228 ./Drivers/STM32G4xx_HAL_Driver/Src/stm32g4xx_hal_tim.o
                0x080034a4                HAL_TIM_PWM_ConfigChannel
 .text.HAL_TIM_ConfigClockSource
                0x080036cc      0x22c ./Drivers/STM32G4xx_HAL_Driver/Src/stm32g4xx_hal_tim.o
                0x080036cc                HAL_TIM_ConfigClockSource
 .text.TIM_Base_SetConfig
                0x080038f8      0x168 ./Drivers/STM32G4xx_HAL_Driver/Src/stm32g4xx_hal_tim.o
                0x080038f8                TIM_Base_SetConfig
 .text.TIM_OC1_SetConfig
                0x08003a60      0x134 ./Drivers/STM32G4xx_HAL_Driver/Src/stm32g4xx_hal_tim.o
 .text.TIM_OC2_SetConfig
                0x08003b94      0x128 ./Drivers/STM32G4xx_HAL_Driver/Src/stm32g4xx_hal_tim.o
                0x08003b94                TIM_OC2_SetConfig
 .text.TIM_OC3_SetConfig
                0x08003cbc      0x124 ./Drivers/STM32G4xx_HAL_Driver/Src/stm32g4xx_hal_tim.o
 .text.TIM_OC4_SetConfig
                0x08003de0      0x128 ./Drivers/STM32G4xx_HAL_Driver/Src/stm32g4xx_hal_tim.o
 .text.TIM_OC5_SetConfig
                0x08003f08       0xd4 ./Drivers/STM32G4xx_HAL_Driver/Src/stm32g4xx_hal_tim.o
 .text.TIM_OC6_SetConfig
                0x08003fdc       0xd8 ./Drivers/STM32G4xx_HAL_Driver/Src/stm32g4xx_hal_tim.o
 .text.TIM_TI1_ConfigInputStage
                0x080040b4       0x5e ./Drivers/STM32G4xx_HAL_Driver/Src/stm32g4xx_hal_tim.o
 .text.TIM_TI2_ConfigInputStage
                0x08004112       0x60 ./Drivers/STM32G4xx_HAL_Driver/Src/stm32g4xx_hal_tim.o
 .text.TIM_ITRx_SetConfig
                0x08004172       0x3a ./Drivers/STM32G4xx_HAL_Driver/Src/stm32g4xx_hal_tim.o
 .text.TIM_ETR_SetConfig
                0x080041ac       0x40 ./Drivers/STM32G4xx_HAL_Driver/Src/stm32g4xx_hal_tim.o
                0x080041ac                TIM_ETR_SetConfig
 .text.TIM_CCxChannelCmd
                0x080041ec       0x4a ./Drivers/STM32G4xx_HAL_Driver/Src/stm32g4xx_hal_tim.o
                0x080041ec                TIM_CCxChannelCmd
 *fill*         0x08004236        0x2 
 .text.HAL_TIMEx_MasterConfigSynchronization
                0x08004238      0x12c ./Drivers/STM32G4xx_HAL_Driver/Src/stm32g4xx_hal_tim_ex.o
                0x08004238                HAL_TIMEx_MasterConfigSynchronization
 .text.HAL_TIMEx_ConfigBreakDeadTime
                0x08004364      0x128 ./Drivers/STM32G4xx_HAL_Driver/Src/stm32g4xx_hal_tim_ex.o
                0x08004364                HAL_TIMEx_ConfigBreakDeadTime
 .text.HAL_UART_Init
                0x0800448c       0xa0 ./Drivers/STM32G4xx_HAL_Driver/Src/stm32g4xx_hal_uart.o
                0x0800448c                HAL_UART_Init
 .text.HAL_HalfDuplex_Init
                0x0800452c       0xb0 ./Drivers/STM32G4xx_HAL_Driver/Src/stm32g4xx_hal_uart.o
                0x0800452c                HAL_HalfDuplex_Init
 .text.UART_SetConfig
                0x080045dc      0x5f8 ./Drivers/STM32G4xx_HAL_Driver/Src/stm32g4xx_hal_uart.o
                0x080045dc                UART_SetConfig
 .text.UART_AdvFeatureConfig
                0x08004bd4      0x144 ./Drivers/STM32G4xx_HAL_Driver/Src/stm32g4xx_hal_uart.o
                0x08004bd4                UART_AdvFeatureConfig
 .text.UART_CheckIdleState
                0x08004d18      0x154 ./Drivers/STM32G4xx_HAL_Driver/Src/stm32g4xx_hal_uart.o
                0x08004d18                UART_CheckIdleState
 .text.UART_WaitOnFlagUntilTimeout
                0x08004e6c       0xda ./Drivers/STM32G4xx_HAL_Driver/Src/stm32g4xx_hal_uart.o
                0x08004e6c                UART_WaitOnFlagUntilTimeout
 .text.UART_EndRxTransfer
                0x08004f46       0xcc ./Drivers/STM32G4xx_HAL_Driver/Src/stm32g4xx_hal_uart.o
 .text.HAL_UARTEx_DisableFifoMode
                0x08005012       0x72 ./Drivers/STM32G4xx_HAL_Driver/Src/stm32g4xx_hal_uart_ex.o
                0x08005012                HAL_UARTEx_DisableFifoMode
 .text.HAL_UARTEx_SetTxFifoThreshold
                0x08005084       0x7c ./Drivers/STM32G4xx_HAL_Driver/Src/stm32g4xx_hal_uart_ex.o
                0x08005084                HAL_UARTEx_SetTxFifoThreshold
 .text.HAL_UARTEx_SetRxFifoThreshold
                0x08005100       0x7c ./Drivers/STM32G4xx_HAL_Driver/Src/stm32g4xx_hal_uart_ex.o
                0x08005100                HAL_UARTEx_SetRxFifoThreshold
 .text.UARTEx_SetNbDataToProcess
                0x0800517c       0x9c ./Drivers/STM32G4xx_HAL_Driver/Src/stm32g4xx_hal_uart_ex.o
 .text.memset   0x08005218       0x10 /home/administrateur/st/stm32cubeide_1.18.0_2/plugins/com.st.stm32cube.ide.mcu.externaltools.gnu-tools-for-stm32.13.3.rel1.linux64_1.0.0.202410170706/tools/bin/../lib/gcc/arm-none-eabi/13.3.1/../../../../arm-none-eabi/lib/thumb/v7e-m+fp/hard/libc_nano.a(libc_a-memset.o)
                0x08005218                memset
 .text.__libc_init_array
                0x08005228       0x48 /home/administrateur/st/stm32cubeide_1.18.0_2/plugins/com.st.stm32cube.ide.mcu.externaltools.gnu-tools-for-stm32.13.3.rel1.linux64_1.0.0.202410170706/tools/bin/../lib/gcc/arm-none-eabi/13.3.1/../../../../arm-none-eabi/lib/thumb/v7e-m+fp/hard/libc_nano.a(libc_a-init.o)
                0x08005228                __libc_init_array
 *(.glue_7)
 .glue_7        0x08005270        0x0 linker stubs
 *(.glue_7t)
 .glue_7t       0x08005270        0x0 linker stubs
 *(.eh_frame)
 .eh_frame      0x08005270        0x0 /home/administrateur/st/stm32cubeide_1.18.0_2/plugins/com.st.stm32cube.ide.mcu.externaltools.gnu-tools-for-stm32.13.3.rel1.linux64_1.0.0.202410170706/tools/bin/../lib/gcc/arm-none-eabi/13.3.1/thumb/v7e-m+fp/hard/crtbegin.o
 *(.init)
 .init          0x08005270        0x4 /home/administrateur/st/stm32cubeide_1.18.0_2/plugins/com.st.stm32cube.ide.mcu.externaltools.gnu-tools-for-stm32.13.3.rel1.linux64_1.0.0.202410170706/tools/bin/../lib/gcc/arm-none-eabi/13.3.1/thumb/v7e-m+fp/hard/crti.o
                0x08005270                _init
 .init          0x08005274        0x8 /home/administrateur/st/stm32cubeide_1.18.0_2/plugins/com.st.stm32cube.ide.mcu.externaltools.gnu-tools-for-stm32.13.3.rel1.linux64_1.0.0.202410170706/tools/bin/../lib/gcc/arm-none-eabi/13.3.1/thumb/v7e-m+fp/hard/crtn.o
 *(.fini)
 .fini          0x0800527c        0x4 /home/administrateur/st/stm32cubeide_1.18.0_2/plugins/com.st.stm32cube.ide.mcu.externaltools.gnu-tools-for-stm32.13.3.rel1.linux64_1.0.0.202410170706/tools/bin/../lib/gcc/arm-none-eabi/13.3.1/thumb/v7e-m+fp/hard/crti.o
                0x0800527c                _fini
 .fini          0x08005280        0x8 /home/administrateur/st/stm32cubeide_1.18.0_2/plugins/com.st.stm32cube.ide.mcu.externaltools.gnu-tools-for-stm32.13.3.rel1.linux64_1.0.0.202410170706/tools/bin/../lib/gcc/arm-none-eabi/13.3.1/thumb/v7e-m+fp/hard/crtn.o
                0x08005288                        . = ALIGN (0x4)
                0x08005288                        _etext = .

.vfp11_veneer   0x08005288        0x0
 .vfp11_veneer  0x08005288        0x0 linker stubs

.v4_bx          0x08005288        0x0
 .v4_bx         0x08005288        0x0 linker stubs

.iplt           0x08005288        0x0
 .iplt          0x08005288        0x0 /home/administrateur/st/stm32cubeide_1.18.0_2/plugins/com.st.stm32cube.ide.mcu.externaltools.gnu-tools-for-stm32.13.3.rel1.linux64_1.0.0.202410170706/tools/bin/../lib/gcc/arm-none-eabi/13.3.1/thumb/v7e-m+fp/hard/crtbegin.o

.rodata         0x08005288       0x40
                0x08005288                        . = ALIGN (0x4)
 *(.rodata)
 *(.rodata*)
 .rodata.AHBPrescTable
                0x08005288       0x10 ./Core/Src/system_stm32g4xx.o
                0x08005288                AHBPrescTable
 .rodata.APBPrescTable
                0x08005298        0x8 ./Core/Src/system_stm32g4xx.o
                0x08005298                APBPrescTable
 .rodata.UARTPrescTable
                0x080052a0       0x18 ./Drivers/STM32G4xx_HAL_Driver/Src/stm32g4xx_hal_uart.o
                0x080052a0                UARTPrescTable
 .rodata.numerator.1
                0x080052b8        0x8 ./Drivers/STM32G4xx_HAL_Driver/Src/stm32g4xx_hal_uart_ex.o
 .rodata.denominator.0
                0x080052c0        0x8 ./Drivers/STM32G4xx_HAL_Driver/Src/stm32g4xx_hal_uart_ex.o
                0x080052c8                        . = ALIGN (0x4)

.ARM.extab      0x080052c8        0x0
                0x080052c8                        . = ALIGN (0x4)
 *(.ARM.extab* .gnu.linkonce.armextab.*)
                0x080052c8                        . = ALIGN (0x4)

.ARM            0x080052c8        0x8
                0x080052c8                        . = ALIGN (0x4)
                0x080052c8                        __exidx_start = .
 *(.ARM.exidx*)
 .ARM.exidx     0x080052c8        0x8 /home/administrateur/st/stm32cubeide_1.18.0_2/plugins/com.st.stm32cube.ide.mcu.externaltools.gnu-tools-for-stm32.13.3.rel1.linux64_1.0.0.202410170706/tools/bin/../lib/gcc/arm-none-eabi/13.3.1/thumb/v7e-m+fp/hard/libgcc.a(_udivmoddi4.o)
                0x080052d0                        __exidx_end = .
                0x080052d0                        . = ALIGN (0x4)

.preinit_array  0x080052d0        0x0
                0x080052d0                        . = ALIGN (0x4)
                0x080052d0                        PROVIDE (__preinit_array_start = .)
 *(.preinit_array*)
                0x080052d0                        PROVIDE (__preinit_array_end = .)
                0x080052d0                        . = ALIGN (0x4)

.init_array     0x080052d0        0x4
                0x080052d0                        . = ALIGN (0x4)
                0x080052d0                        PROVIDE (__init_array_start = .)
 *(SORT_BY_NAME(.init_array.*))
 *(.init_array*)
 .init_array    0x080052d0        0x4 /home/administrateur/st/stm32cubeide_1.18.0_2/plugins/com.st.stm32cube.ide.mcu.externaltools.gnu-tools-for-stm32.13.3.rel1.linux64_1.0.0.202410170706/tools/bin/../lib/gcc/arm-none-eabi/13.3.1/thumb/v7e-m+fp/hard/crtbegin.o
                0x080052d4                        PROVIDE (__init_array_end = .)
                0x080052d4                        . = ALIGN (0x4)

.fini_array     0x080052d4        0x4
                0x080052d4                        . = ALIGN (0x4)
                [!provide]                        PROVIDE (__fini_array_start = .)
 *(SORT_BY_NAME(.fini_array.*))
 *(.fini_array*)
 .fini_array    0x080052d4        0x4 /home/administrateur/st/stm32cubeide_1.18.0_2/plugins/com.st.stm32cube.ide.mcu.externaltools.gnu-tools-for-stm32.13.3.rel1.linux64_1.0.0.202410170706/tools/bin/../lib/gcc/arm-none-eabi/13.3.1/thumb/v7e-m+fp/hard/crtbegin.o
                [!provide]                        PROVIDE (__fini_array_end = .)
                0x080052d8                        . = ALIGN (0x4)
                0x080052d8                        _sidata = LOADADDR (.data)

.rel.dyn        0x080052d8        0x0
 .rel.iplt      0x080052d8        0x0 /home/administrateur/st/stm32cubeide_1.18.0_2/plugins/com.st.stm32cube.ide.mcu.externaltools.gnu-tools-for-stm32.13.3.rel1.linux64_1.0.0.202410170706/tools/bin/../lib/gcc/arm-none-eabi/13.3.1/thumb/v7e-m+fp/hard/crtbegin.o

.data           0x20000000        0xc load address 0x080052d8
                0x20000000                        . = ALIGN (0x4)
                0x20000000                        _sdata = .
 *(.data)
 *(.data*)
 .data.SystemCoreClock
                0x20000000        0x4 ./Core/Src/system_stm32g4xx.o
                0x20000000                SystemCoreClock
 .data.uwTickPrio
                0x20000004        0x4 ./Drivers/STM32G4xx_HAL_Driver/Src/stm32g4xx_hal.o
                0x20000004                uwTickPrio
 .data.uwTickFreq
                0x20000008        0x4 ./Drivers/STM32G4xx_HAL_Driver/Src/stm32g4xx_hal.o
                0x20000008                uwTickFreq
 *(.RamFunc)
 *(.RamFunc*)
                0x2000000c                        . = ALIGN (0x4)
                0x2000000c                        _edata = .

.igot.plt       0x2000000c        0x0 load address 0x080052e4
 .igot.plt      0x2000000c        0x0 /home/administrateur/st/stm32cubeide_1.18.0_2/plugins/com.st.stm32cube.ide.mcu.externaltools.gnu-tools-for-stm32.13.3.rel1.linux64_1.0.0.202410170706/tools/bin/../lib/gcc/arm-none-eabi/13.3.1/thumb/v7e-m+fp/hard/crtbegin.o
                0x2000000c                        . = ALIGN (0x4)

.bss            0x2000000c      0x418 load address 0x080052e4
                0x2000000c                        _sbss = .
                0x2000000c                        __bss_start__ = _sbss
 *(.bss)
 .bss           0x2000000c       0x1c /home/administrateur/st/stm32cubeide_1.18.0_2/plugins/com.st.stm32cube.ide.mcu.externaltools.gnu-tools-for-stm32.13.3.rel1.linux64_1.0.0.202410170706/tools/bin/../lib/gcc/arm-none-eabi/13.3.1/thumb/v7e-m+fp/hard/crtbegin.o
 *(.bss*)
 .bss.hspi1     0x20000028       0x64 ./Core/Src/spi.o
                0x20000028                hspi1
 .bss.htim1     0x2000008c       0x4c ./Core/Src/tim.o
                0x2000008c                htim1
 .bss.htim2     0x200000d8       0x4c ./Core/Src/tim.o
                0x200000d8                htim2
 .bss.htim3     0x20000124       0x4c ./Core/Src/tim.o
                0x20000124                htim3
 .bss.hdma_tim2_ch2
                0x20000170       0x60 ./Core/Src/tim.o
                0x20000170                hdma_tim2_ch2
 .bss.huart4    0x200001d0       0x94 ./Core/Src/usart.o
                0x200001d0                huart4
 .bss.huart1    0x20000264       0x94 ./Core/Src/usart.o
                0x20000264                huart1
 .bss.huart2    0x200002f8       0x94 ./Core/Src/usart.o
                0x200002f8                huart2
 .bss.huart3    0x2000038c       0x94 ./Core/Src/usart.o
                0x2000038c                huart3
 .bss.uwTick    0x20000420        0x4 ./Drivers/STM32G4xx_HAL_Driver/Src/stm32g4xx_hal.o
                0x20000420                uwTick
 *(COMMON)
                0x20000424                        . = ALIGN (0x4)
                0x20000424                        _ebss = .
                0x20000424                        __bss_end__ = _ebss

._user_heap_stack
                0x20000424      0x604 load address 0x080052e4
                0x20000428                        . = ALIGN (0x8)
 *fill*         0x20000424        0x4 
                [!provide]                        PROVIDE (end = .)
                0x20000428                        PROVIDE (_end = .)
                0x20000628                        . = (. + _Min_Heap_Size)
 *fill*         0x20000428      0x200 
                0x20000a28                        . = (. + _Min_Stack_Size)
 *fill*         0x20000628      0x400 
                0x20000a28                        . = ALIGN (0x8)

/DISCARD/
 libc.a(*)
 libm.a(*)
 libgcc.a(*)

.ARM.attributes
                0x00000000       0x30
 *(.ARM.attributes)
 .ARM.attributes
                0x00000000       0x22 /home/administrateur/st/stm32cubeide_1.18.0_2/plugins/com.st.stm32cube.ide.mcu.externaltools.gnu-tools-for-stm32.13.3.rel1.linux64_1.0.0.202410170706/tools/bin/../lib/gcc/arm-none-eabi/13.3.1/thumb/v7e-m+fp/hard/crti.o
 .ARM.attributes
                0x00000022       0x34 /home/administrateur/st/stm32cubeide_1.18.0_2/plugins/com.st.stm32cube.ide.mcu.externaltools.gnu-tools-for-stm32.13.3.rel1.linux64_1.0.0.202410170706/tools/bin/../lib/gcc/arm-none-eabi/13.3.1/thumb/v7e-m+fp/hard/crtbegin.o
 .ARM.attributes
                0x00000056       0x34 ./Core/Src/dma.o
 .ARM.attributes
                0x0000008a       0x34 ./Core/Src/gpio.o
 .ARM.attributes
                0x000000be       0x34 ./Core/Src/main.o
 .ARM.attributes
                0x000000f2       0x34 ./Core/Src/servos.o
 .ARM.attributes
                0x00000126       0x34 ./Core/Src/spi.o
 .ARM.attributes
                0x0000015a       0x34 ./Core/Src/stm32g4xx_hal_msp.o
 .ARM.attributes
                0x0000018e       0x34 ./Core/Src/stm32g4xx_it.o
 .ARM.attributes
                0x000001c2       0x34 ./Core/Src/system_stm32g4xx.o
 .ARM.attributes
                0x000001f6       0x34 ./Core/Src/tim.o
 .ARM.attributes
                0x0000022a       0x34 ./Core/Src/usart.o
 .ARM.attributes
                0x0000025e       0x21 ./Core/Startup/startup_stm32g474retx.o
 .ARM.attributes
                0x0000027f       0x34 ./Drivers/STM32G4xx_HAL_Driver/Src/stm32g4xx_hal.o
 .ARM.attributes
                0x000002b3       0x34 ./Drivers/STM32G4xx_HAL_Driver/Src/stm32g4xx_hal_cortex.o
 .ARM.attributes
                0x000002e7       0x34 ./Drivers/STM32G4xx_HAL_Driver/Src/stm32g4xx_hal_dma.o
 .ARM.attributes
                0x0000031b       0x34 ./Drivers/STM32G4xx_HAL_Driver/Src/stm32g4xx_hal_gpio.o
 .ARM.attributes
                0x0000034f       0x34 ./Drivers/STM32G4xx_HAL_Driver/Src/stm32g4xx_hal_pwr_ex.o
 .ARM.attributes
                0x00000383       0x34 ./Drivers/STM32G4xx_HAL_Driver/Src/stm32g4xx_hal_rcc.o
 .ARM.attributes
                0x000003b7       0x34 ./Drivers/STM32G4xx_HAL_Driver/Src/stm32g4xx_hal_rcc_ex.o
 .ARM.attributes
                0x000003eb       0x34 ./Drivers/STM32G4xx_HAL_Driver/Src/stm32g4xx_hal_spi.o
 .ARM.attributes
                0x0000041f       0x34 ./Drivers/STM32G4xx_HAL_Driver/Src/stm32g4xx_hal_tim.o
 .ARM.attributes
                0x00000453       0x34 ./Drivers/STM32G4xx_HAL_Driver/Src/stm32g4xx_hal_tim_ex.o
 .ARM.attributes
                0x00000487       0x34 ./Drivers/STM32G4xx_HAL_Driver/Src/stm32g4xx_hal_uart.o
 .ARM.attributes
                0x000004bb       0x34 ./Drivers/STM32G4xx_HAL_Driver/Src/stm32g4xx_hal_uart_ex.o
 .ARM.attributes
                0x000004ef       0x34 /home/administrateur/st/stm32cubeide_1.18.0_2/plugins/com.st.stm32cube.ide.mcu.externaltools.gnu-tools-for-stm32.13.3.rel1.linux64_1.0.0.202410170706/tools/bin/../lib/gcc/arm-none-eabi/13.3.1/../../../../arm-none-eabi/lib/thumb/v7e-m+fp/hard/libc_nano.a(libc_a-memset.o)
 .ARM.attributes
                0x00000523       0x34 /home/administrateur/st/stm32cubeide_1.18.0_2/plugins/com.st.stm32cube.ide.mcu.externaltools.gnu-tools-for-stm32.13.3.rel1.linux64_1.0.0.202410170706/tools/bin/../lib/gcc/arm-none-eabi/13.3.1/../../../../arm-none-eabi/lib/thumb/v7e-m+fp/hard/libc_nano.a(libc_a-init.o)
 .ARM.attributes
                0x00000557       0x22 /home/administrateur/st/stm32cubeide_1.18.0_2/plugins/com.st.stm32cube.ide.mcu.externaltools.gnu-tools-for-stm32.13.3.rel1.linux64_1.0.0.202410170706/tools/bin/../lib/gcc/arm-none-eabi/13.3.1/thumb/v7e-m+fp/hard/libgcc.a(_aeabi_uldivmod.o)
 .ARM.attributes
                0x00000579       0x34 /home/administrateur/st/stm32cubeide_1.18.0_2/plugins/com.st.stm32cube.ide.mcu.externaltools.gnu-tools-for-stm32.13.3.rel1.linux64_1.0.0.202410170706/tools/bin/../lib/gcc/arm-none-eabi/13.3.1/thumb/v7e-m+fp/hard/libgcc.a(_udivmoddi4.o)
 .ARM.attributes
                0x000005ad       0x22 /home/administrateur/st/stm32cubeide_1.18.0_2/plugins/com.st.stm32cube.ide.mcu.externaltools.gnu-tools-for-stm32.13.3.rel1.linux64_1.0.0.202410170706/tools/bin/../lib/gcc/arm-none-eabi/13.3.1/thumb/v7e-m+fp/hard/libgcc.a(_dvmd_tls.o)
 .ARM.attributes
                0x000005cf       0x22 /home/administrateur/st/stm32cubeide_1.18.0_2/plugins/com.st.stm32cube.ide.mcu.externaltools.gnu-tools-for-stm32.13.3.rel1.linux64_1.0.0.202410170706/tools/bin/../lib/gcc/arm-none-eabi/13.3.1/thumb/v7e-m+fp/hard/crtn.o
OUTPUT(Maker_MiniatureHomeControl.elf elf32-littlearm)
LOAD linker stubs
LOAD /home/administrateur/st/stm32cubeide_1.18.0_2/plugins/com.st.stm32cube.ide.mcu.externaltools.gnu-tools-for-stm32.13.3.rel1.linux64_1.0.0.202410170706/tools/bin/../lib/gcc/arm-none-eabi/13.3.1/../../../../arm-none-eabi/lib/thumb/v7e-m+fp/hard/libc.a
LOAD /home/administrateur/st/stm32cubeide_1.18.0_2/plugins/com.st.stm32cube.ide.mcu.externaltools.gnu-tools-for-stm32.13.3.rel1.linux64_1.0.0.202410170706/tools/bin/../lib/gcc/arm-none-eabi/13.3.1/../../../../arm-none-eabi/lib/thumb/v7e-m+fp/hard/libm.a
LOAD /home/administrateur/st/stm32cubeide_1.18.0_2/plugins/com.st.stm32cube.ide.mcu.externaltools.gnu-tools-for-stm32.13.3.rel1.linux64_1.0.0.202410170706/tools/bin/../lib/gcc/arm-none-eabi/13.3.1/thumb/v7e-m+fp/hard/libgcc.a

.debug_info     0x00000000    0x158f1
 .debug_info    0x00000000      0x5ac ./Core/Src/dma.o
 .debug_info    0x000005ac      0x463 ./Core/Src/gpio.o
 .debug_info    0x00000a0f      0xb70 ./Core/Src/main.o
 .debug_info    0x0000157f      0x8d4 ./Core/Src/servos.o
 .debug_info    0x00001e53      0xaf6 ./Core/Src/spi.o
 .debug_info    0x00002949      0x2da ./Core/Src/stm32g4xx_hal_msp.o
 .debug_info    0x00002c23      0x472 ./Core/Src/stm32g4xx_it.o
 .debug_info    0x00003095      0x58e ./Core/Src/system_stm32g4xx.o
 .debug_info    0x00003623     0x10b6 ./Core/Src/tim.o
 .debug_info    0x000046d9      0xedb ./Core/Src/usart.o
 .debug_info    0x000055b4       0x30 ./Core/Startup/startup_stm32g474retx.o
 .debug_info    0x000055e4      0xb95 ./Drivers/STM32G4xx_HAL_Driver/Src/stm32g4xx_hal.o
 .debug_info    0x00006179      0xdf9 ./Drivers/STM32G4xx_HAL_Driver/Src/stm32g4xx_hal_cortex.o
 .debug_info    0x00006f72      0x85f ./Drivers/STM32G4xx_HAL_Driver/Src/stm32g4xx_hal_dma.o
 .debug_info    0x000077d1      0x763 ./Drivers/STM32G4xx_HAL_Driver/Src/stm32g4xx_hal_gpio.o
 .debug_info    0x00007f34      0x93f ./Drivers/STM32G4xx_HAL_Driver/Src/stm32g4xx_hal_pwr_ex.o
 .debug_info    0x00008873      0xbe0 ./Drivers/STM32G4xx_HAL_Driver/Src/stm32g4xx_hal_rcc.o
 .debug_info    0x00009453      0xc45 ./Drivers/STM32G4xx_HAL_Driver/Src/stm32g4xx_hal_rcc_ex.o
 .debug_info    0x0000a098     0x1677 ./Drivers/STM32G4xx_HAL_Driver/Src/stm32g4xx_hal_spi.o
 .debug_info    0x0000b70f     0x2c52 ./Drivers/STM32G4xx_HAL_Driver/Src/stm32g4xx_hal_tim.o
 .debug_info    0x0000e361     0x1d95 ./Drivers/STM32G4xx_HAL_Driver/Src/stm32g4xx_hal_tim_ex.o
 .debug_info    0x000100f6     0x481e ./Drivers/STM32G4xx_HAL_Driver/Src/stm32g4xx_hal_uart.o
 .debug_info    0x00014914      0xfdd ./Drivers/STM32G4xx_HAL_Driver/Src/stm32g4xx_hal_uart_ex.o

.debug_abbrev   0x00000000     0x2f51
 .debug_abbrev  0x00000000      0x109 ./Core/Src/dma.o
 .debug_abbrev  0x00000109      0x152 ./Core/Src/gpio.o
 .debug_abbrev  0x0000025b      0x295 ./Core/Src/main.o
 .debug_abbrev  0x000004f0      0x1af ./Core/Src/servos.o
 .debug_abbrev  0x0000069f      0x1f6 ./Core/Src/spi.o
 .debug_abbrev  0x00000895       0xd9 ./Core/Src/stm32g4xx_hal_msp.o
 .debug_abbrev  0x0000096e      0x16a ./Core/Src/stm32g4xx_it.o
 .debug_abbrev  0x00000ad8      0x11a ./Core/Src/system_stm32g4xx.o
 .debug_abbrev  0x00000bf2      0x2c6 ./Core/Src/tim.o
 .debug_abbrev  0x00000eb8      0x24f ./Core/Src/usart.o
 .debug_abbrev  0x00001107       0x24 ./Core/Startup/startup_stm32g474retx.o
 .debug_abbrev  0x0000112b      0x271 ./Drivers/STM32G4xx_HAL_Driver/Src/stm32g4xx_hal.o
 .debug_abbrev  0x0000139c      0x31c ./Drivers/STM32G4xx_HAL_Driver/Src/stm32g4xx_hal_cortex.o
 .debug_abbrev  0x000016b8      0x1e2 ./Drivers/STM32G4xx_HAL_Driver/Src/stm32g4xx_hal_dma.o
 .debug_abbrev  0x0000189a      0x1cb ./Drivers/STM32G4xx_HAL_Driver/Src/stm32g4xx_hal_gpio.o
 .debug_abbrev  0x00001a65      0x22c ./Drivers/STM32G4xx_HAL_Driver/Src/stm32g4xx_hal_pwr_ex.o
 .debug_abbrev  0x00001c91      0x2c9 ./Drivers/STM32G4xx_HAL_Driver/Src/stm32g4xx_hal_rcc.o
 .debug_abbrev  0x00001f5a      0x258 ./Drivers/STM32G4xx_HAL_Driver/Src/stm32g4xx_hal_rcc_ex.o
 .debug_abbrev  0x000021b2      0x25d ./Drivers/STM32G4xx_HAL_Driver/Src/stm32g4xx_hal_spi.o
 .debug_abbrev  0x0000240f      0x2a7 ./Drivers/STM32G4xx_HAL_Driver/Src/stm32g4xx_hal_tim.o
 .debug_abbrev  0x000026b6      0x2c5 ./Drivers/STM32G4xx_HAL_Driver/Src/stm32g4xx_hal_tim_ex.o
 .debug_abbrev  0x0000297b      0x304 ./Drivers/STM32G4xx_HAL_Driver/Src/stm32g4xx_hal_uart.o
 .debug_abbrev  0x00002c7f      0x2d2 ./Drivers/STM32G4xx_HAL_Driver/Src/stm32g4xx_hal_uart_ex.o

.debug_aranges  0x00000000     0x1310
 .debug_aranges
                0x00000000       0x20 ./Core/Src/dma.o
 .debug_aranges
                0x00000020       0x20 ./Core/Src/gpio.o
 .debug_aranges
                0x00000040       0x38 ./Core/Src/main.o
 .debug_aranges
                0x00000078       0x28 ./Core/Src/servos.o
 .debug_aranges
                0x000000a0       0x30 ./Core/Src/spi.o
 .debug_aranges
                0x000000d0       0x20 ./Core/Src/stm32g4xx_hal_msp.o
 .debug_aranges
                0x000000f0       0x68 ./Core/Src/stm32g4xx_it.o
 .debug_aranges
                0x00000158       0x28 ./Core/Src/system_stm32g4xx.o
 .debug_aranges
                0x00000180       0x58 ./Core/Src/tim.o
 .debug_aranges
                0x000001d8       0x48 ./Core/Src/usart.o
 .debug_aranges
                0x00000220       0x28 ./Core/Startup/startup_stm32g474retx.o
 .debug_aranges
                0x00000248      0x148 ./Drivers/STM32G4xx_HAL_Driver/Src/stm32g4xx_hal.o
 .debug_aranges
                0x00000390      0x128 ./Drivers/STM32G4xx_HAL_Driver/Src/stm32g4xx_hal_cortex.o
 .debug_aranges
                0x000004b8       0x90 ./Drivers/STM32G4xx_HAL_Driver/Src/stm32g4xx_hal_dma.o
 .debug_aranges
                0x00000548       0x58 ./Drivers/STM32G4xx_HAL_Driver/Src/stm32g4xx_hal_gpio.o
 .debug_aranges
                0x000005a0      0x140 ./Drivers/STM32G4xx_HAL_Driver/Src/stm32g4xx_hal_pwr_ex.o
 .debug_aranges
                0x000006e0       0x98 ./Drivers/STM32G4xx_HAL_Driver/Src/stm32g4xx_hal_rcc.o
 .debug_aranges
                0x00000778       0xb0 ./Drivers/STM32G4xx_HAL_Driver/Src/stm32g4xx_hal_rcc_ex.o
 .debug_aranges
                0x00000828      0x1d8 ./Drivers/STM32G4xx_HAL_Driver/Src/stm32g4xx_hal_spi.o
 .debug_aranges
                0x00000a00      0x3e0 ./Drivers/STM32G4xx_HAL_Driver/Src/stm32g4xx_hal_tim.o
 .debug_aranges
                0x00000de0      0x240 ./Drivers/STM32G4xx_HAL_Driver/Src/stm32g4xx_hal_tim_ex.o
 .debug_aranges
                0x00001020      0x248 ./Drivers/STM32G4xx_HAL_Driver/Src/stm32g4xx_hal_uart.o
 .debug_aranges
                0x00001268       0xa8 ./Drivers/STM32G4xx_HAL_Driver/Src/stm32g4xx_hal_uart_ex.o

.debug_rnglists
                0x00000000      0xedc
 .debug_rnglists
                0x00000000       0x13 ./Core/Src/dma.o
 .debug_rnglists
                0x00000013       0x14 ./Core/Src/gpio.o
 .debug_rnglists
                0x00000027       0x26 ./Core/Src/main.o
 .debug_rnglists
                0x0000004d       0x1b ./Core/Src/servos.o
 .debug_rnglists
                0x00000068       0x20 ./Core/Src/spi.o
 .debug_rnglists
                0x00000088       0x13 ./Core/Src/stm32g4xx_hal_msp.o
 .debug_rnglists
                0x0000009b       0x49 ./Core/Src/stm32g4xx_it.o
 .debug_rnglists
                0x000000e4       0x1a ./Core/Src/system_stm32g4xx.o
 .debug_rnglists
                0x000000fe       0x42 ./Core/Src/tim.o
 .debug_rnglists
                0x00000140       0x37 ./Core/Src/usart.o
 .debug_rnglists
                0x00000177       0x19 ./Core/Startup/startup_stm32g474retx.o
 .debug_rnglists
                0x00000190       0xf1 ./Drivers/STM32G4xx_HAL_Driver/Src/stm32g4xx_hal.o
 .debug_rnglists
                0x00000281       0xda ./Drivers/STM32G4xx_HAL_Driver/Src/stm32g4xx_hal_cortex.o
 .debug_rnglists
                0x0000035b       0x71 ./Drivers/STM32G4xx_HAL_Driver/Src/stm32g4xx_hal_dma.o
 .debug_rnglists
                0x000003cc       0x3f ./Drivers/STM32G4xx_HAL_Driver/Src/stm32g4xx_hal_gpio.o
 .debug_rnglists
                0x0000040b       0xf1 ./Drivers/STM32G4xx_HAL_Driver/Src/stm32g4xx_hal_pwr_ex.o
 .debug_rnglists
                0x000004fc       0x74 ./Drivers/STM32G4xx_HAL_Driver/Src/stm32g4xx_hal_rcc.o
 .debug_rnglists
                0x00000570       0x87 ./Drivers/STM32G4xx_HAL_Driver/Src/stm32g4xx_hal_rcc_ex.o
 .debug_rnglists
                0x000005f7      0x178 ./Drivers/STM32G4xx_HAL_Driver/Src/stm32g4xx_hal_spi.o
 .debug_rnglists
                0x0000076f      0x328 ./Drivers/STM32G4xx_HAL_Driver/Src/stm32g4xx_hal_tim.o
 .debug_rnglists
                0x00000a97      0x1cc ./Drivers/STM32G4xx_HAL_Driver/Src/stm32g4xx_hal_tim_ex.o
 .debug_rnglists
                0x00000c63      0x1fa ./Drivers/STM32G4xx_HAL_Driver/Src/stm32g4xx_hal_uart.o
 .debug_rnglists
                0x00000e5d       0x7f ./Drivers/STM32G4xx_HAL_Driver/Src/stm32g4xx_hal_uart_ex.o

.debug_macro    0x00000000    0x26e01
 .debug_macro   0x00000000      0x1fc ./Core/Src/dma.o
 .debug_macro   0x000001fc      0xad8 ./Core/Src/dma.o
 .debug_macro   0x00000cd4      0x161 ./Core/Src/dma.o
 .debug_macro   0x00000e35       0x2e ./Core/Src/dma.o
 .debug_macro   0x00000e63       0x28 ./Core/Src/dma.o
 .debug_macro   0x00000e8b       0x22 ./Core/Src/dma.o
 .debug_macro   0x00000ead       0x8e ./Core/Src/dma.o
 .debug_macro   0x00000f3b       0x51 ./Core/Src/dma.o
 .debug_macro   0x00000f8c      0x103 ./Core/Src/dma.o
 .debug_macro   0x0000108f       0x6a ./Core/Src/dma.o
 .debug_macro   0x000010f9      0x1df ./Core/Src/dma.o
 .debug_macro   0x000012d8       0x1c ./Core/Src/dma.o
 .debug_macro   0x000012f4       0x22 ./Core/Src/dma.o
 .debug_macro   0x00001316       0xfb ./Core/Src/dma.o
 .debug_macro   0x00001411     0x1011 ./Core/Src/dma.o
 .debug_macro   0x00002422      0x11f ./Core/Src/dma.o
 .debug_macro   0x00002541    0x18b8c ./Core/Src/dma.o
 .debug_macro   0x0001b0cd       0x6d ./Core/Src/dma.o
 .debug_macro   0x0001b13a     0x3558 ./Core/Src/dma.o
 .debug_macro   0x0001e692      0x190 ./Core/Src/dma.o
 .debug_macro   0x0001e822       0x5c ./Core/Src/dma.o
 .debug_macro   0x0001e87e     0x171f ./Core/Src/dma.o
 .debug_macro   0x0001ff9d      0x600 ./Core/Src/dma.o
 .debug_macro   0x0002059d      0x1b6 ./Core/Src/dma.o
 .debug_macro   0x00020753      0x34a ./Core/Src/dma.o
 .debug_macro   0x00020a9d      0x53c ./Core/Src/dma.o
 .debug_macro   0x00020fd9      0x18b ./Core/Src/dma.o
 .debug_macro   0x00021164       0x43 ./Core/Src/dma.o
 .debug_macro   0x000211a7      0x23d ./Core/Src/dma.o
 .debug_macro   0x000213e4      0x211 ./Core/Src/dma.o
 .debug_macro   0x000215f5      0x45c ./Core/Src/dma.o
 .debug_macro   0x00021a51      0x11c ./Core/Src/dma.o
 .debug_macro   0x00021b6d      0x122 ./Core/Src/dma.o
 .debug_macro   0x00021c8f      0x3d1 ./Core/Src/dma.o
 .debug_macro   0x00022060      0x2fe ./Core/Src/dma.o
 .debug_macro   0x0002235e      0xc0b ./Core/Src/dma.o
 .debug_macro   0x00022f69      0x718 ./Core/Src/dma.o
 .debug_macro   0x00023681      0x693 ./Core/Src/dma.o
 .debug_macro   0x00023d14       0xa6 ./Core/Src/dma.o
 .debug_macro   0x00023dba      0x358 ./Core/Src/dma.o
 .debug_macro   0x00024112       0xe8 ./Core/Src/dma.o
 .debug_macro   0x000241fa      0x1fc ./Core/Src/gpio.o
 .debug_macro   0x000243f6      0x271 ./Core/Src/main.o
 .debug_macro   0x00024667       0x22 ./Core/Src/main.o
 .debug_macro   0x00024689      0x1c5 ./Core/Src/main.o
 .debug_macro   0x0002484e       0x16 ./Core/Src/main.o
 .debug_macro   0x00024864      0x1fc ./Core/Src/servos.o
 .debug_macro   0x00024a60      0x1fc ./Core/Src/spi.o
 .debug_macro   0x00024c5c      0x1f2 ./Core/Src/stm32g4xx_hal_msp.o
 .debug_macro   0x00024e4e      0x1fc ./Core/Src/stm32g4xx_it.o
 .debug_macro   0x0002504a      0x1e3 ./Core/Src/system_stm32g4xx.o
 .debug_macro   0x0002522d      0x1fc ./Core/Src/tim.o
 .debug_macro   0x00025429      0x1fc ./Core/Src/usart.o
 .debug_macro   0x00025625      0x231 ./Drivers/STM32G4xx_HAL_Driver/Src/stm32g4xx_hal.o
 .debug_macro   0x00025856      0x1e3 ./Drivers/STM32G4xx_HAL_Driver/Src/stm32g4xx_hal_cortex.o
 .debug_macro   0x00025a39      0x1e3 ./Drivers/STM32G4xx_HAL_Driver/Src/stm32g4xx_hal_dma.o
 .debug_macro   0x00025c1c      0x1ea ./Drivers/STM32G4xx_HAL_Driver/Src/stm32g4xx_hal_gpio.o
 .debug_macro   0x00025e06      0x20d ./Drivers/STM32G4xx_HAL_Driver/Src/stm32g4xx_hal_pwr_ex.o
 .debug_macro   0x00026013      0x225 ./Drivers/STM32G4xx_HAL_Driver/Src/stm32g4xx_hal_rcc.o
 .debug_macro   0x00026238      0x20d ./Drivers/STM32G4xx_HAL_Driver/Src/stm32g4xx_hal_rcc_ex.o
 .debug_macro   0x00026445      0x1eb ./Drivers/STM32G4xx_HAL_Driver/Src/stm32g4xx_hal_spi.o
 .debug_macro   0x00026630      0x1eb ./Drivers/STM32G4xx_HAL_Driver/Src/stm32g4xx_hal_tim.o
 .debug_macro   0x0002681b      0x1e9 ./Drivers/STM32G4xx_HAL_Driver/Src/stm32g4xx_hal_tim_ex.o
 .debug_macro   0x00026a04      0x20e ./Drivers/STM32G4xx_HAL_Driver/Src/stm32g4xx_hal_uart.o
 .debug_macro   0x00026c12      0x1ef ./Drivers/STM32G4xx_HAL_Driver/Src/stm32g4xx_hal_uart_ex.o

.debug_line     0x00000000    0x17439
 .debug_line    0x00000000      0x71c ./Core/Src/dma.o
 .debug_line    0x0000071c      0x73c ./Core/Src/gpio.o
 .debug_line    0x00000e58      0x853 ./Core/Src/main.o
 .debug_line    0x000016ab      0x7f8 ./Core/Src/servos.o
 .debug_line    0x00001ea3      0x79c ./Core/Src/spi.o
 .debug_line    0x0000263f      0x720 ./Core/Src/stm32g4xx_hal_msp.o
 .debug_line    0x00002d5f      0x7e6 ./Core/Src/stm32g4xx_it.o
 .debug_line    0x00003545      0x78c ./Core/Src/system_stm32g4xx.o
 .debug_line    0x00003cd1      0xa06 ./Core/Src/tim.o
 .debug_line    0x000046d7      0x9df ./Core/Src/usart.o
 .debug_line    0x000050b6       0x7b ./Core/Startup/startup_stm32g474retx.o
 .debug_line    0x00005131      0xb58 ./Drivers/STM32G4xx_HAL_Driver/Src/stm32g4xx_hal.o
 .debug_line    0x00005c89      0xcbd ./Drivers/STM32G4xx_HAL_Driver/Src/stm32g4xx_hal_cortex.o
 .debug_line    0x00006946      0xe57 ./Drivers/STM32G4xx_HAL_Driver/Src/stm32g4xx_hal_dma.o
 .debug_line    0x0000779d      0xb31 ./Drivers/STM32G4xx_HAL_Driver/Src/stm32g4xx_hal_gpio.o
 .debug_line    0x000082ce      0xcb7 ./Drivers/STM32G4xx_HAL_Driver/Src/stm32g4xx_hal_pwr_ex.o
 .debug_line    0x00008f85      0xfdb ./Drivers/STM32G4xx_HAL_Driver/Src/stm32g4xx_hal_rcc.o
 .debug_line    0x00009f60     0x1250 ./Drivers/STM32G4xx_HAL_Driver/Src/stm32g4xx_hal_rcc_ex.o
 .debug_line    0x0000b1b0     0x2006 ./Drivers/STM32G4xx_HAL_Driver/Src/stm32g4xx_hal_spi.o
 .debug_line    0x0000d1b6     0x3ff1 ./Drivers/STM32G4xx_HAL_Driver/Src/stm32g4xx_hal_tim.o
 .debug_line    0x000111a7     0x205f ./Drivers/STM32G4xx_HAL_Driver/Src/stm32g4xx_hal_tim_ex.o
 .debug_line    0x00013206     0x35a6 ./Drivers/STM32G4xx_HAL_Driver/Src/stm32g4xx_hal_uart.o
 .debug_line    0x000167ac      0xc8d ./Drivers/STM32G4xx_HAL_Driver/Src/stm32g4xx_hal_uart_ex.o

.debug_str      0x00000000    0xfaecc
 .debug_str     0x00000000    0xfaecc ./Core/Src/dma.o
                              0xf5257 (size before relaxing)
 .debug_str     0x000faecc    0xf4ccb ./Core/Src/gpio.o
 .debug_str     0x000faecc    0xf5a53 ./Core/Src/main.o
 .debug_str     0x000faecc    0xf516c ./Core/Src/servos.o
 .debug_str     0x000faecc    0xf5200 ./Core/Src/spi.o
 .debug_str     0x000faecc    0xf4c21 ./Core/Src/stm32g4xx_hal_msp.o
 .debug_str     0x000faecc    0xf4e58 ./Core/Src/stm32g4xx_it.o
 .debug_str     0x000faecc    0xf4921 ./Core/Src/system_stm32g4xx.o
 .debug_str     0x000faecc    0xf5667 ./Core/Src/tim.o
 .debug_str     0x000faecc    0xf5519 ./Core/Src/usart.o
 .debug_str     0x000faecc       0x98 ./Core/Startup/startup_stm32g474retx.o
 .debug_str     0x000faecc    0xf5633 ./Drivers/STM32G4xx_HAL_Driver/Src/stm32g4xx_hal.o
 .debug_str     0x000faecc    0xf52ef ./Drivers/STM32G4xx_HAL_Driver/Src/stm32g4xx_hal_cortex.o
 .debug_str     0x000faecc    0xf4cfb ./Drivers/STM32G4xx_HAL_Driver/Src/stm32g4xx_hal_dma.o
 .debug_str     0x000faecc    0xf4aac ./Drivers/STM32G4xx_HAL_Driver/Src/stm32g4xx_hal_gpio.o
 .debug_str     0x000faecc    0xf4e0f ./Drivers/STM32G4xx_HAL_Driver/Src/stm32g4xx_hal_pwr_ex.o
 .debug_str     0x000faecc    0xf5040 ./Drivers/STM32G4xx_HAL_Driver/Src/stm32g4xx_hal_rcc.o
 .debug_str     0x000faecc    0xf506a ./Drivers/STM32G4xx_HAL_Driver/Src/stm32g4xx_hal_rcc_ex.o
 .debug_str     0x000faecc    0xf5253 ./Drivers/STM32G4xx_HAL_Driver/Src/stm32g4xx_hal_spi.o
 .debug_str     0x000faecc    0xf5e1f ./Drivers/STM32G4xx_HAL_Driver/Src/stm32g4xx_hal_tim.o
 .debug_str     0x000faecc    0xf5a93 ./Drivers/STM32G4xx_HAL_Driver/Src/stm32g4xx_hal_tim_ex.o
 .debug_str     0x000faecc    0xf58dc ./Drivers/STM32G4xx_HAL_Driver/Src/stm32g4xx_hal_uart.o
 .debug_str     0x000faecc    0xf50da ./Drivers/STM32G4xx_HAL_Driver/Src/stm32g4xx_hal_uart_ex.o

.comment        0x00000000       0x43
 .comment       0x00000000       0x43 ./Core/Src/dma.o
                                 0x44 (size before relaxing)
 .comment       0x00000043       0x44 ./Core/Src/gpio.o
 .comment       0x00000043       0x44 ./Core/Src/main.o
 .comment       0x00000043       0x44 ./Core/Src/servos.o
 .comment       0x00000043       0x44 ./Core/Src/spi.o
 .comment       0x00000043       0x44 ./Core/Src/stm32g4xx_hal_msp.o
 .comment       0x00000043       0x44 ./Core/Src/stm32g4xx_it.o
 .comment       0x00000043       0x44 ./Core/Src/system_stm32g4xx.o
 .comment       0x00000043       0x44 ./Core/Src/tim.o
 .comment       0x00000043       0x44 ./Core/Src/usart.o
 .comment       0x00000043       0x44 ./Drivers/STM32G4xx_HAL_Driver/Src/stm32g4xx_hal.o
 .comment       0x00000043       0x44 ./Drivers/STM32G4xx_HAL_Driver/Src/stm32g4xx_hal_cortex.o
 .comment       0x00000043       0x44 ./Drivers/STM32G4xx_HAL_Driver/Src/stm32g4xx_hal_dma.o
 .comment       0x00000043       0x44 ./Drivers/STM32G4xx_HAL_Driver/Src/stm32g4xx_hal_gpio.o
 .comment       0x00000043       0x44 ./Drivers/STM32G4xx_HAL_Driver/Src/stm32g4xx_hal_pwr_ex.o
 .comment       0x00000043       0x44 ./Drivers/STM32G4xx_HAL_Driver/Src/stm32g4xx_hal_rcc.o
 .comment       0x00000043       0x44 ./Drivers/STM32G4xx_HAL_Driver/Src/stm32g4xx_hal_rcc_ex.o
 .comment       0x00000043       0x44 ./Drivers/STM32G4xx_HAL_Driver/Src/stm32g4xx_hal_spi.o
 .comment       0x00000043       0x44 ./Drivers/STM32G4xx_HAL_Driver/Src/stm32g4xx_hal_tim.o
 .comment       0x00000043       0x44 ./Drivers/STM32G4xx_HAL_Driver/Src/stm32g4xx_hal_tim_ex.o
 .comment       0x00000043       0x44 ./Drivers/STM32G4xx_HAL_Driver/Src/stm32g4xx_hal_uart.o
 .comment       0x00000043       0x44 ./Drivers/STM32G4xx_HAL_Driver/Src/stm32g4xx_hal_uart_ex.o

.debug_frame    0x00000000     0x4fd0
 .debug_frame   0x00000000       0x34 ./Core/Src/dma.o
 .debug_frame   0x00000034       0x34 ./Core/Src/gpio.o
 .debug_frame   0x00000068       0x94 ./Core/Src/main.o
 .debug_frame   0x000000fc       0x5c ./Core/Src/servos.o
 .debug_frame   0x00000158       0x74 ./Core/Src/spi.o
 .debug_frame   0x000001cc       0x34 ./Core/Src/stm32g4xx_hal_msp.o
 .debug_frame   0x00000200      0x120 ./Core/Src/stm32g4xx_it.o
 .debug_frame   0x00000320       0x58 ./Core/Src/system_stm32g4xx.o
 .debug_frame   0x00000378      0x138 ./Core/Src/tim.o
 .debug_frame   0x000004b0       0xcc ./Core/Src/usart.o
 .debug_frame   0x0000057c      0x500 ./Drivers/STM32G4xx_HAL_Driver/Src/stm32g4xx_hal.o
 .debug_frame   0x00000a7c      0x4e8 ./Drivers/STM32G4xx_HAL_Driver/Src/stm32g4xx_hal_cortex.o
 .debug_frame   0x00000f64      0x24c ./Drivers/STM32G4xx_HAL_Driver/Src/stm32g4xx_hal_dma.o
 .debug_frame   0x000011b0      0x14c ./Drivers/STM32G4xx_HAL_Driver/Src/stm32g4xx_hal_gpio.o
 .debug_frame   0x000012fc      0x4fc ./Drivers/STM32G4xx_HAL_Driver/Src/stm32g4xx_hal_pwr_ex.o
 .debug_frame   0x000017f8      0x23c ./Drivers/STM32G4xx_HAL_Driver/Src/stm32g4xx_hal_rcc.o
 .debug_frame   0x00001a34      0x2ac ./Drivers/STM32G4xx_HAL_Driver/Src/stm32g4xx_hal_rcc_ex.o
 .debug_frame   0x00001ce0      0x860 ./Drivers/STM32G4xx_HAL_Driver/Src/stm32g4xx_hal_spi.o
 .debug_frame   0x00002540     0x1220 ./Drivers/STM32G4xx_HAL_Driver/Src/stm32g4xx_hal_tim.o
 .debug_frame   0x00003760      0xa70 ./Drivers/STM32G4xx_HAL_Driver/Src/stm32g4xx_hal_tim_ex.o
 .debug_frame   0x000041d0      0xa94 ./Drivers/STM32G4xx_HAL_Driver/Src/stm32g4xx_hal_uart.o
 .debug_frame   0x00004c64      0x2c0 ./Drivers/STM32G4xx_HAL_Driver/Src/stm32g4xx_hal_uart_ex.o
 .debug_frame   0x00004f24       0x20 /home/administrateur/st/stm32cubeide_1.18.0_2/plugins/com.st.stm32cube.ide.mcu.externaltools.gnu-tools-for-stm32.13.3.rel1.linux64_1.0.0.202410170706/tools/bin/../lib/gcc/arm-none-eabi/13.3.1/../../../../arm-none-eabi/lib/thumb/v7e-m+fp/hard/libc_nano.a(libc_a-memset.o)
 .debug_frame   0x00004f44       0x2c /home/administrateur/st/stm32cubeide_1.18.0_2/plugins/com.st.stm32cube.ide.mcu.externaltools.gnu-tools-for-stm32.13.3.rel1.linux64_1.0.0.202410170706/tools/bin/../lib/gcc/arm-none-eabi/13.3.1/../../../../arm-none-eabi/lib/thumb/v7e-m+fp/hard/libc_nano.a(libc_a-init.o)
 .debug_frame   0x00004f70       0x2c /home/administrateur/st/stm32cubeide_1.18.0_2/plugins/com.st.stm32cube.ide.mcu.externaltools.gnu-tools-for-stm32.13.3.rel1.linux64_1.0.0.202410170706/tools/bin/../lib/gcc/arm-none-eabi/13.3.1/thumb/v7e-m+fp/hard/libgcc.a(_aeabi_uldivmod.o)
 .debug_frame   0x00004f9c       0x34 /home/administrateur/st/stm32cubeide_1.18.0_2/plugins/com.st.stm32cube.ide.mcu.externaltools.gnu-tools-for-stm32.13.3.rel1.linux64_1.0.0.202410170706/tools/bin/../lib/gcc/arm-none-eabi/13.3.1/thumb/v7e-m+fp/hard/libgcc.a(_udivmoddi4.o)

.debug_line_str
                0x00000000       0x7c
 .debug_line_str
                0x00000000       0x7c ./Core/Startup/startup_stm32g474retx.o
