../Core/Src/st7735.c:94:13:ST7735_Select	8	static
../Core/Src/st7735.c:98:6:ST7735_Unselect	8	static
../Core/Src/st7735.c:102:13:ST7735_Reset	8	static
../Core/Src/st7735.c:108:13:ST7735_WriteCommand	16	static
../Core/Src/st7735.c:113:13:ST7735_WriteData	16	static
../Core/Src/st7735.c:118:13:ST7735_ExecuteCommandList	24	static
../Core/Src/st7735.c:144:13:ST7735_SetAddressWindow	32	static
../Core/Src/st7735.c:160:6:ST7735_Init	8	static
../Core/Src/st7735.c:169:6:ST7735_DrawPixel	24	static
../Core/Src/st7735.c:182:13:ST7735_WriteChar	48	static
../Core/Src/st7735.c:218:6:ST7735_WriteString	32	static
../Core/Src/st7735.c:244:6:ST7735_FillRectangle	32	static
../Core/Src/st7735.c:264:6:ST7735_FillRectangleFast	32	static
../Core/Src/st7735.c:287:6:ST7735_FillScreen	24	static
../Core/Src/st7735.c:291:6:ST7735_FillScreenFast	24	static
../Core/Src/st7735.c:295:6:ST7735_DrawImage	24	static
../Core/Src/st7735.c:306:6:ST7735_InvertColors	16	static
../Core/Src/st7735.c:312:6:ST7735_SetGamma	16	static
